[4.843s] DEBUG:colcon:Command line arguments: ['/usr/bin/colcon', 'build']
[4.848s] DEBUG:colcon:Parsed command line arguments: Namespace(log_base=None, log_level=None, verb_name='build', build_base='build', install_base='install', merge_install=False, symlink_install=False, test_result_base=None, continue_on_error=False, executor='parallel', parallel_workers=16, event_handlers=None, ignore_user_meta=False, metas=['./colcon.meta'], base_paths=['.'], packages_ignore=None, packages_ignore_regex=None, paths=None, packages_up_to=None, packages_up_to_regex=None, packages_above=None, packages_above_and_dependencies=None, packages_above_depth=None, packages_select_by_dep=None, packages_skip_by_dep=None, packages_skip_up_to=None, packages_select_build_failed=False, packages_skip_build_finished=False, packages_select_test_failures=False, packages_skip_test_passed=False, packages_select=None, packages_skip=None, packages_select_regex=None, packages_skip_regex=None, packages_start=None, packages_end=None, allow_overriding=[], cmake_args=None, cmake_target=None, cmake_target_skip_unavailable=False, cmake_clean_cache=False, cmake_clean_first=False, cmake_force_configure=False, ament_cmake_args=None, catkin_cmake_args=None, catkin_skip_building_tests=False, mixin_files=None, mixin=None, verb_parser=<colcon_mixin.mixin.mixin_argument.MixinArgumentDecorator object at 0x715a39f3d0a0>, verb_extension=<colcon_core.verb.build.BuildVerb object at 0x715a39ee4ec0>, main=<bound method BuildVerb.main of <colcon_core.verb.build.BuildVerb object at 0x715a39ee4ec0>>, mixin_verb=('build',))
[5.503s] Level 1:colcon.colcon_core.package_discovery:discover_packages(colcon_meta) check parameters
[5.512s] Level 1:colcon.colcon_core.package_discovery:discover_packages(recursive) check parameters
[5.516s] Level 1:colcon.colcon_core.package_discovery:discover_packages(ignore) check parameters
[5.519s] Level 1:colcon.colcon_core.package_discovery:discover_packages(path) check parameters
[5.523s] Level 1:colcon.colcon_core.package_discovery:discover_packages(colcon_meta) discover
[5.530s] Level 1:colcon.colcon_core.package_discovery:discover_packages(recursive) discover
[5.535s] INFO:colcon.colcon_core.package_discovery:Crawling recursively for packages in '/mnt/d/Curtin_Colombo/year_3/sem_1/mxen3005/Milestone_3/mxen_ws'
[5.574s] Level 1:colcon.colcon_core.package_identification:_identify(.) by extensions ['ignore', 'ignore_ament_install']
[5.578s] Level 1:colcon.colcon_core.package_identification:_identify(.) by extension 'ignore'
[5.586s] Level 1:colcon.colcon_core.package_identification:_identify(.) by extension 'ignore_ament_install'
[5.601s] Level 1:colcon.colcon_core.package_identification:_identify(.) by extensions ['colcon_pkg']
[5.604s] Level 1:colcon.colcon_core.package_identification:_identify(.) by extension 'colcon_pkg'
[5.615s] Level 1:colcon.colcon_core.package_identification:_identify(.) by extensions ['colcon_meta']
[5.619s] Level 1:colcon.colcon_core.package_identification:_identify(.) by extension 'colcon_meta'
[5.624s] Level 1:colcon.colcon_core.package_identification:_identify(.) by extensions ['ros']
[5.627s] Level 1:colcon.colcon_core.package_identification:_identify(.) by extension 'ros'
[5.723s] Level 1:colcon.colcon_core.package_identification:_identify(.) by extensions ['cmake', 'python']
[5.725s] Level 1:colcon.colcon_core.package_identification:_identify(.) by extension 'cmake'
[5.731s] Level 1:colcon.colcon_core.package_identification:_identify(.) by extension 'python'
[5.740s] Level 1:colcon.colcon_core.package_identification:_identify(.) by extensions ['python_setup_py']
[5.742s] Level 1:colcon.colcon_core.package_identification:_identify(.) by extension 'python_setup_py'
[5.814s] Level 1:colcon.colcon_core.package_identification:_identify(build) by extensions ['ignore', 'ignore_ament_install']
[5.825s] Level 1:colcon.colcon_core.package_identification:_identify(build) by extension 'ignore'
[5.863s] Level 1:colcon.colcon_core.package_identification:_identify(build) ignored
[5.911s] Level 1:colcon.colcon_core.package_identification:_identify(install) by extensions ['ignore', 'ignore_ament_install']
[5.914s] Level 1:colcon.colcon_core.package_identification:_identify(install) by extension 'ignore'
[5.945s] Level 1:colcon.colcon_core.package_identification:_identify(install) ignored
[6.038s] Level 1:colcon.colcon_core.package_identification:_identify(log) by extensions ['ignore', 'ignore_ament_install']
[6.044s] Level 1:colcon.colcon_core.package_identification:_identify(log) by extension 'ignore'
[6.064s] Level 1:colcon.colcon_core.package_identification:_identify(log) ignored
[6.130s] Level 1:colcon.colcon_core.package_identification:_identify(src) by extensions ['ignore', 'ignore_ament_install']
[6.134s] Level 1:colcon.colcon_core.package_identification:_identify(src) by extension 'ignore'
[6.154s] Level 1:colcon.colcon_core.package_identification:_identify(src) by extension 'ignore_ament_install'
[6.188s] Level 1:colcon.colcon_core.package_identification:_identify(src) by extensions ['colcon_pkg']
[6.191s] Level 1:colcon.colcon_core.package_identification:_identify(src) by extension 'colcon_pkg'
[6.222s] Level 1:colcon.colcon_core.package_identification:_identify(src) by extensions ['colcon_meta']
[6.226s] Level 1:colcon.colcon_core.package_identification:_identify(src) by extension 'colcon_meta'
[6.245s] Level 1:colcon.colcon_core.package_identification:_identify(src) by extensions ['ros']
[6.249s] Level 1:colcon.colcon_core.package_identification:_identify(src) by extension 'ros'
[6.342s] Level 1:colcon.colcon_core.package_identification:_identify(src) by extensions ['cmake', 'python']
[6.346s] Level 1:colcon.colcon_core.package_identification:_identify(src) by extension 'cmake'
[6.366s] Level 1:colcon.colcon_core.package_identification:_identify(src) by extension 'python'
[6.394s] Level 1:colcon.colcon_core.package_identification:_identify(src) by extensions ['python_setup_py']
[6.400s] Level 1:colcon.colcon_core.package_identification:_identify(src) by extension 'python_setup_py'
[6.540s] Level 1:colcon.colcon_core.package_identification:_identify(src/turtle_chase) by extensions ['ignore', 'ignore_ament_install']
[6.550s] Level 1:colcon.colcon_core.package_identification:_identify(src/turtle_chase) by extension 'ignore'
[6.584s] Level 1:colcon.colcon_core.package_identification:_identify(src/turtle_chase) by extension 'ignore_ament_install'
[6.644s] Level 1:colcon.colcon_core.package_identification:_identify(src/turtle_chase) by extensions ['colcon_pkg']
[6.647s] Level 1:colcon.colcon_core.package_identification:_identify(src/turtle_chase) by extension 'colcon_pkg'
[6.678s] Level 1:colcon.colcon_core.package_identification:_identify(src/turtle_chase) by extensions ['colcon_meta']
[6.685s] Level 1:colcon.colcon_core.package_identification:_identify(src/turtle_chase) by extension 'colcon_meta'
[6.732s] Level 1:colcon.colcon_core.package_identification:_identify(src/turtle_chase) by extensions ['ros']
[6.734s] Level 1:colcon.colcon_core.package_identification:_identify(src/turtle_chase) by extension 'ros'
[7.067s] DEBUG:colcon.colcon_core.package_identification:Package 'src/turtle_chase' with type 'ros.ament_python' and name 'turtle_chase'
[7.070s] Level 1:colcon.colcon_core.package_discovery:discover_packages(recursive) using defaults
[7.073s] Level 1:colcon.colcon_core.package_discovery:discover_packages(ignore) discover
[7.076s] Level 1:colcon.colcon_core.package_discovery:discover_packages(ignore) using defaults
[7.081s] Level 1:colcon.colcon_core.package_discovery:discover_packages(path) discover
[7.086s] Level 1:colcon.colcon_core.package_discovery:discover_packages(path) using defaults
[7.427s] Level 1:colcon.colcon_core.package_discovery:discover_packages(prefix_path) check parameters
[7.430s] Level 1:colcon.colcon_core.package_discovery:discover_packages(prefix_path) discover
[7.483s] DEBUG:colcon.colcon_installed_package_information.package_discovery:Found 290 installed packages in /opt/ros/kilted
[7.496s] Level 1:colcon.colcon_core.package_discovery:discover_packages(prefix_path) using defaults
[7.713s] Level 5:colcon.colcon_core.verb:set package 'turtle_chase' build argument 'cmake_args' from command line to 'None'
[7.716s] Level 5:colcon.colcon_core.verb:set package 'turtle_chase' build argument 'cmake_target' from command line to 'None'
[7.718s] Level 5:colcon.colcon_core.verb:set package 'turtle_chase' build argument 'cmake_target_skip_unavailable' from command line to 'False'
[7.722s] Level 5:colcon.colcon_core.verb:set package 'turtle_chase' build argument 'cmake_clean_cache' from command line to 'False'
[7.728s] Level 5:colcon.colcon_core.verb:set package 'turtle_chase' build argument 'cmake_clean_first' from command line to 'False'
[7.731s] Level 5:colcon.colcon_core.verb:set package 'turtle_chase' build argument 'cmake_force_configure' from command line to 'False'
[7.735s] Level 5:colcon.colcon_core.verb:set package 'turtle_chase' build argument 'ament_cmake_args' from command line to 'None'
[7.739s] Level 5:colcon.colcon_core.verb:set package 'turtle_chase' build argument 'catkin_cmake_args' from command line to 'None'
[7.744s] Level 5:colcon.colcon_core.verb:set package 'turtle_chase' build argument 'catkin_skip_building_tests' from command line to 'False'
[7.748s] DEBUG:colcon.colcon_core.verb:Building package 'turtle_chase' with the following arguments: {'ament_cmake_args': None, 'build_base': '/mnt/d/Curtin_Colombo/year_3/sem_1/mxen3005/Milestone_3/mxen_ws/build/turtle_chase', 'catkin_cmake_args': None, 'catkin_skip_building_tests': False, 'cmake_args': None, 'cmake_clean_cache': False, 'cmake_clean_first': False, 'cmake_force_configure': False, 'cmake_target': None, 'cmake_target_skip_unavailable': False, 'install_base': '/mnt/d/Curtin_Colombo/year_3/sem_1/mxen3005/Milestone_3/mxen_ws/install/turtle_chase', 'merge_install': False, 'path': '/mnt/d/Curtin_Colombo/year_3/sem_1/mxen3005/Milestone_3/mxen_ws/src/turtle_chase', 'symlink_install': False, 'test_result_base': None}
[7.753s] INFO:colcon.colcon_core.executor:Executing jobs using 'parallel' executor
[7.762s] DEBUG:colcon.colcon_parallel_executor.executor.parallel:run_until_complete
[7.767s] INFO:colcon.colcon_ros.task.ament_python.build:Building ROS package in '/mnt/d/Curtin_Colombo/year_3/sem_1/mxen3005/Milestone_3/mxen_ws/src/turtle_chase' with build type 'ament_python'
[7.772s] Level 1:colcon.colcon_core.shell:create_environment_hook('turtle_chase', 'ament_prefix_path')
[7.827s] INFO:colcon.colcon_core.plugin_system:Skipping extension 'colcon_core.shell.bat': Not used on non-Windows systems
[7.834s] INFO:colcon.colcon_core.shell:Creating environment hook '/mnt/d/Curtin_Colombo/year_3/sem_1/mxen3005/Milestone_3/mxen_ws/install/turtle_chase/share/turtle_chase/hook/ament_prefix_path.ps1'
[8.208s] INFO:colcon.colcon_core.shell:Creating environment descriptor '/mnt/d/Curtin_Colombo/year_3/sem_1/mxen3005/Milestone_3/mxen_ws/install/turtle_chase/share/turtle_chase/hook/ament_prefix_path.dsv'
[7.770s] INFO:colcon.colcon_core.shell:Creating environment hook '/mnt/d/Curtin_Colombo/year_3/sem_1/mxen3005/Milestone_3/mxen_ws/install/turtle_chase/share/turtle_chase/hook/ament_prefix_path.sh'
[8.103s] INFO:colcon.colcon_core.shell:Skip shell extension 'powershell' for command environment: Not usable outside of PowerShell
[8.107s] DEBUG:colcon.colcon_core.shell:Skip shell extension 'dsv' for command environment
[10.491s] INFO:colcon.colcon_core.task.python.build:Building Python package in '/mnt/d/Curtin_Colombo/year_3/sem_1/mxen3005/Milestone_3/mxen_ws/src/turtle_chase'
[10.495s] INFO:colcon.colcon_core.shell:Skip shell extension 'powershell' for command environment: Not usable outside of PowerShell
[10.498s] DEBUG:colcon.colcon_core.shell:Skip shell extension 'dsv' for command environment
[28.394s] DEBUG:colcon.colcon_core.event_handler.log_command:Invoking command in '/mnt/d/Curtin_Colombo/year_3/sem_1/mxen3005/Milestone_3/mxen_ws/src/turtle_chase': PYTHONPATH=/mnt/d/Curtin_Colombo/year_3/sem_1/mxen3005/Milestone_3/mxen_ws/build/turtle_chase/prefix_override:/usr/lib/python3/dist-packages/colcon_core/task/python/colcon_distutils_commands:/mnt/d/Curtin_Colombo/year_3/sem_1/mxen3005/Milestone_3/mxen_ws/install/turtle_chase/lib/python3.12/site-packages:${PYTHONPATH} /usr/bin/python3 -W ignore:setup.py install is deprecated -W ignore:easy_install command is deprecated setup.py egg_info --egg-base ../../build/turtle_chase build --build-base /mnt/d/Curtin_Colombo/year_3/sem_1/mxen3005/Milestone_3/mxen_ws/build/turtle_chase/build install --record /mnt/d/Curtin_Colombo/year_3/sem_1/mxen3005/Milestone_3/mxen_ws/build/turtle_chase/install.log --single-version-externally-managed install_data
[54.254s] DEBUG:colcon.colcon_core.event_handler.log_command:Invoked command in '/mnt/d/Curtin_Colombo/year_3/sem_1/mxen3005/Milestone_3/mxen_ws/src/turtle_chase' returned '0': PYTHONPATH=/mnt/d/Curtin_Colombo/year_3/sem_1/mxen3005/Milestone_3/mxen_ws/build/turtle_chase/prefix_override:/usr/lib/python3/dist-packages/colcon_core/task/python/colcon_distutils_commands:/mnt/d/Curtin_Colombo/year_3/sem_1/mxen3005/Milestone_3/mxen_ws/install/turtle_chase/lib/python3.12/site-packages:${PYTHONPATH} /usr/bin/python3 -W ignore:setup.py install is deprecated -W ignore:easy_install command is deprecated setup.py egg_info --egg-base ../../build/turtle_chase build --build-base /mnt/d/Curtin_Colombo/year_3/sem_1/mxen3005/Milestone_3/mxen_ws/build/turtle_chase/build install --record /mnt/d/Curtin_Colombo/year_3/sem_1/mxen3005/Milestone_3/mxen_ws/build/turtle_chase/install.log --single-version-externally-managed install_data
[54.269s] Level 1:colcon.colcon_core.environment:checking '/mnt/d/Curtin_Colombo/year_3/sem_1/mxen3005/Milestone_3/mxen_ws/install/turtle_chase' for CMake module files
[55.120s] Level 1:colcon.colcon_core.environment:checking '/mnt/d/Curtin_Colombo/year_3/sem_1/mxen3005/Milestone_3/mxen_ws/install/turtle_chase' for CMake config files
[56.751s] Level 1:colcon.colcon_core.environment:checking '/mnt/d/Curtin_Colombo/year_3/sem_1/mxen3005/Milestone_3/mxen_ws/install/turtle_chase/lib'
[56.828s] Level 1:colcon.colcon_core.environment:checking '/mnt/d/Curtin_Colombo/year_3/sem_1/mxen3005/Milestone_3/mxen_ws/install/turtle_chase/bin'
[56.859s] Level 1:colcon.colcon_core.environment:checking '/mnt/d/Curtin_Colombo/year_3/sem_1/mxen3005/Milestone_3/mxen_ws/install/turtle_chase/lib/pkgconfig/turtle_chase.pc'
[56.892s] Level 1:colcon.colcon_core.environment:checking '/mnt/d/Curtin_Colombo/year_3/sem_1/mxen3005/Milestone_3/mxen_ws/install/turtle_chase/lib/python3.12/site-packages'
[56.938s] Level 1:colcon.colcon_core.shell:create_environment_hook('turtle_chase', 'pythonpath')
[56.942s] INFO:colcon.colcon_core.shell:Creating environment hook '/mnt/d/Curtin_Colombo/year_3/sem_1/mxen3005/Milestone_3/mxen_ws/install/turtle_chase/share/turtle_chase/hook/pythonpath.ps1'
[57.201s] INFO:colcon.colcon_core.shell:Creating environment descriptor '/mnt/d/Curtin_Colombo/year_3/sem_1/mxen3005/Milestone_3/mxen_ws/install/turtle_chase/share/turtle_chase/hook/pythonpath.dsv'
[57.444s] INFO:colcon.colcon_core.shell:Creating environment hook '/mnt/d/Curtin_Colombo/year_3/sem_1/mxen3005/Milestone_3/mxen_ws/install/turtle_chase/share/turtle_chase/hook/pythonpath.sh'
[57.731s] Level 1:colcon.colcon_core.environment:checking '/mnt/d/Curtin_Colombo/year_3/sem_1/mxen3005/Milestone_3/mxen_ws/install/turtle_chase/bin'
[57.758s] Level 1:colcon.colcon_core.environment:create_environment_scripts_only(turtle_chase)
[57.760s] INFO:colcon.colcon_core.shell:Creating package script '/mnt/d/Curtin_Colombo/year_3/sem_1/mxen3005/Milestone_3/mxen_ws/install/turtle_chase/share/turtle_chase/package.ps1'
[58.011s] INFO:colcon.colcon_core.shell:Creating package descriptor '/mnt/d/Curtin_Colombo/year_3/sem_1/mxen3005/Milestone_3/mxen_ws/install/turtle_chase/share/turtle_chase/package.dsv'
[58.315s] INFO:colcon.colcon_core.shell:Creating package script '/mnt/d/Curtin_Colombo/year_3/sem_1/mxen3005/Milestone_3/mxen_ws/install/turtle_chase/share/turtle_chase/package.sh'
[58.599s] INFO:colcon.colcon_core.shell:Creating package script '/mnt/d/Curtin_Colombo/year_3/sem_1/mxen3005/Milestone_3/mxen_ws/install/turtle_chase/share/turtle_chase/package.bash'
[58.754s] INFO:colcon.colcon_core.shell:Creating package script '/mnt/d/Curtin_Colombo/year_3/sem_1/mxen3005/Milestone_3/mxen_ws/install/turtle_chase/share/turtle_chase/package.zsh'
[58.893s] Level 1:colcon.colcon_core.environment:create_file_with_runtime_dependencies(/mnt/d/Curtin_Colombo/year_3/sem_1/mxen3005/Milestone_3/mxen_ws/install/turtle_chase/share/colcon-core/packages/turtle_chase)
[59.076s] DEBUG:colcon.colcon_parallel_executor.executor.parallel:closing loop
[59.080s] DEBUG:colcon.colcon_parallel_executor.executor.parallel:loop closed
[59.083s] DEBUG:colcon.colcon_parallel_executor.executor.parallel:run_until_complete finished with '0'
[59.086s] DEBUG:colcon.colcon_core.event_reactor:joining thread
[60.498s] INFO:colcon.colcon_core.plugin_system:Skipping extension 'colcon_notification.desktop_notification.notify_send': Could not find 'notify-send'
[60.506s] INFO:colcon.colcon_core.plugin_system:Skipping extension 'colcon_notification.desktop_notification.terminal_notifier': Not used on non-Darwin systems
[60.515s] INFO:colcon.colcon_core.plugin_system:Skipping extension 'colcon_notification.desktop_notification.win32': Not used on non-Windows systems
[60.518s] INFO:colcon.colcon_notification.desktop_notification:Sending desktop notification using 'notify2'
[60.554s] DEBUG:colcon.colcon_notification.desktop_notification.notify2:Failed to initialize notify2: org.freedesktop.DBus.Error.ServiceUnknown: The name org.freedesktop.Notifications was not provided by any .service files
[60.557s] DEBUG:colcon.colcon_core.event_reactor:joined thread
[60.563s] INFO:colcon.colcon_core.shell:Creating prefix script '/mnt/d/Curtin_Colombo/year_3/sem_1/mxen3005/Milestone_3/mxen_ws/install/local_setup.ps1'
[60.650s] INFO:colcon.colcon_core.shell:Creating prefix util module '/mnt/d/Curtin_Colombo/year_3/sem_1/mxen3005/Milestone_3/mxen_ws/install/_local_setup_util_ps1.py'
[60.710s] INFO:colcon.colcon_core.shell:Creating prefix chain script '/mnt/d/Curtin_Colombo/year_3/sem_1/mxen3005/Milestone_3/mxen_ws/install/setup.ps1'
[60.768s] INFO:colcon.colcon_core.shell:Creating prefix script '/mnt/d/Curtin_Colombo/year_3/sem_1/mxen3005/Milestone_3/mxen_ws/install/local_setup.sh'
[60.806s] INFO:colcon.colcon_core.shell:Creating prefix util module '/mnt/d/Curtin_Colombo/year_3/sem_1/mxen3005/Milestone_3/mxen_ws/install/_local_setup_util_sh.py'
[60.888s] INFO:colcon.colcon_core.shell:Creating prefix chain script '/mnt/d/Curtin_Colombo/year_3/sem_1/mxen3005/Milestone_3/mxen_ws/install/setup.sh'
[60.991s] INFO:colcon.colcon_core.shell:Creating prefix script '/mnt/d/Curtin_Colombo/year_3/sem_1/mxen3005/Milestone_3/mxen_ws/install/local_setup.bash'
[61.092s] INFO:colcon.colcon_core.shell:Creating prefix chain script '/mnt/d/Curtin_Colombo/year_3/sem_1/mxen3005/Milestone_3/mxen_ws/install/setup.bash'
[61.170s] INFO:colcon.colcon_core.shell:Creating prefix script '/mnt/d/Curtin_Colombo/year_3/sem_1/mxen3005/Milestone_3/mxen_ws/install/local_setup.zsh'
[61.313s] INFO:colcon.colcon_core.shell:Creating prefix chain script '/mnt/d/Curtin_Colombo/year_3/sem_1/mxen3005/Milestone_3/mxen_ws/install/setup.zsh'
