[12.516s] Invoking command in '/mnt/d/Curtin_Colombo/year_3/sem_1/mxen3005/Milestone_3/mxen_ws/src/turtle_chase': PYTHONPATH=/mnt/d/Curtin_Colombo/year_3/sem_1/mxen3005/Milestone_3/mxen_ws/build/turtle_chase/prefix_override:/usr/lib/python3/dist-packages/colcon_core/task/python/colcon_distutils_commands:/mnt/d/Curtin_Colombo/year_3/sem_1/mxen3005/Milestone_3/mxen_ws/install/turtle_chase/lib/python3.12/site-packages:${PYTHONPATH} /usr/bin/python3 -W ignore:setup.py install is deprecated -W ignore:easy_install command is deprecated setup.py egg_info --egg-base ../../build/turtle_chase build --build-base /mnt/d/Curtin_Colombo/year_3/sem_1/mxen3005/Milestone_3/mxen_ws/build/turtle_chase/build install --record /mnt/d/Curtin_Colombo/year_3/sem_1/mxen3005/Milestone_3/mxen_ws/build/turtle_chase/install.log --single-version-externally-managed install_data
[18.030s] running egg_info
[18.197s] writing ../../build/turtle_chase/turtle_chase.egg-info/PKG-INFO
[18.281s] writing dependency_links to ../../build/turtle_chase/turtle_chase.egg-info/dependency_links.txt
[18.355s] writing entry points to ../../build/turtle_chase/turtle_chase.egg-info/entry_points.txt
[18.413s] writing requirements to ../../build/turtle_chase/turtle_chase.egg-info/requires.txt
[18.447s] writing top-level names to ../../build/turtle_chase/turtle_chase.egg-info/top_level.txt
[19.251s] reading manifest file '../../build/turtle_chase/turtle_chase.egg-info/SOURCES.txt'
[19.757s] adding license file 'LICENSE'
[20.125s] writing manifest file '../../build/turtle_chase/turtle_chase.egg-info/SOURCES.txt'
[20.167s] running build
[20.177s] running build_py
[20.438s] copying turtle_chase/follower.py -> /mnt/d/Curtin_Colombo/year_3/sem_1/mxen3005/Milestone_3/mxen_ws/build/turtle_chase/build/lib/turtle_chase
[20.848s] copying turtle_chase/leader.py -> /mnt/d/Curtin_Colombo/year_3/sem_1/mxen3005/Milestone_3/mxen_ws/build/turtle_chase/build/lib/turtle_chase
[21.547s] running install
[21.589s] running install_lib
[22.056s] copying /mnt/d/Curtin_Colombo/year_3/sem_1/mxen3005/Milestone_3/mxen_ws/build/turtle_chase/build/lib/turtle_chase/follower.py -> /mnt/d/Curtin_Colombo/year_3/sem_1/mxen3005/Milestone_3/mxen_ws/install/turtle_chase/lib/python3.12/site-packages/turtle_chase
[22.627s] copying /mnt/d/Curtin_Colombo/year_3/sem_1/mxen3005/Milestone_3/mxen_ws/build/turtle_chase/build/lib/turtle_chase/leader.py -> /mnt/d/Curtin_Colombo/year_3/sem_1/mxen3005/Milestone_3/mxen_ws/install/turtle_chase/lib/python3.12/site-packages/turtle_chase
[23.266s] byte-compiling /mnt/d/Curtin_Colombo/year_3/sem_1/mxen3005/Milestone_3/mxen_ws/install/turtle_chase/lib/python3.12/site-packages/turtle_chase/follower.py to follower.cpython-312.pyc
[23.833s] byte-compiling /mnt/d/Curtin_Colombo/year_3/sem_1/mxen3005/Milestone_3/mxen_ws/install/turtle_chase/lib/python3.12/site-packages/turtle_chase/leader.py to leader.cpython-312.pyc
[24.310s] running install_data
[24.697s] running install_egg_info
[24.972s] removing '/mnt/d/Curtin_Colombo/year_3/sem_1/mxen3005/Milestone_3/mxen_ws/install/turtle_chase/lib/python3.12/site-packages/turtle_chase-0.0.0-py3.12.egg-info' (and everything under it)
[25.825s] Copying ../../build/turtle_chase/turtle_chase.egg-info to /mnt/d/Curtin_Colombo/year_3/sem_1/mxen3005/Milestone_3/mxen_ws/install/turtle_chase/lib/python3.12/site-packages/turtle_chase-0.0.0-py3.12.egg-info
[28.757s] running install_scripts
[31.023s] Installing follower script to /mnt/d/Curtin_Colombo/year_3/sem_1/mxen3005/Milestone_3/mxen_ws/install/turtle_chase/lib/turtle_chase
[31.110s] Installing leader script to /mnt/d/Curtin_Colombo/year_3/sem_1/mxen3005/Milestone_3/mxen_ws/install/turtle_chase/lib/turtle_chase
[31.291s] writing list of installed files to '/mnt/d/Curtin_Colombo/year_3/sem_1/mxen3005/Milestone_3/mxen_ws/build/turtle_chase/install.log'
[31.350s] Invoked command in '/mnt/d/Curtin_Colombo/year_3/sem_1/mxen3005/Milestone_3/mxen_ws/src/turtle_chase' returned '0': PYTHONPATH=/mnt/d/Curtin_Colombo/year_3/sem_1/mxen3005/Milestone_3/mxen_ws/build/turtle_chase/prefix_override:/usr/lib/python3/dist-packages/colcon_core/task/python/colcon_distutils_commands:/mnt/d/Curtin_Colombo/year_3/sem_1/mxen3005/Milestone_3/mxen_ws/install/turtle_chase/lib/python3.12/site-packages:${PYTHONPATH} /usr/bin/python3 -W ignore:setup.py install is deprecated -W ignore:easy_install command is deprecated setup.py egg_info --egg-base ../../build/turtle_chase build --build-base /mnt/d/Curtin_Colombo/year_3/sem_1/mxen3005/Milestone_3/mxen_ws/build/turtle_chase/build install --record /mnt/d/Curtin_Colombo/year_3/sem_1/mxen3005/Milestone_3/mxen_ws/build/turtle_chase/install.log --single-version-externally-managed install_data
