running egg_info
creating ../../build/turtle_chase/turtle_chase.egg-info
writing ../../build/turtle_chase/turtle_chase.egg-info/PKG-INFO
writing dependency_links to ../../build/turtle_chase/turtle_chase.egg-info/dependency_links.txt
writing entry points to ../../build/turtle_chase/turtle_chase.egg-info/entry_points.txt
writing requirements to ../../build/turtle_chase/turtle_chase.egg-info/requires.txt
writing top-level names to ../../build/turtle_chase/turtle_chase.egg-info/top_level.txt
writing manifest file '../../build/turtle_chase/turtle_chase.egg-info/SOURCES.txt'
reading manifest file '../../build/turtle_chase/turtle_chase.egg-info/SOURCES.txt'
adding license file 'LICENSE'
writing manifest file '../../build/turtle_chase/turtle_chase.egg-info/SOURCES.txt'
running build
running build_py
creating /mnt/d/Curtin_Colombo/year_3/sem_1/mxen3005/Milestone_3/mxen_ws/build/turtle_chase/build
creating /mnt/d/Curtin_Colombo/year_3/sem_1/mxen3005/Milestone_3/mxen_ws/build/turtle_chase/build/lib
creating /mnt/d/Curtin_Colombo/year_3/sem_1/mxen3005/Milestone_3/mxen_ws/build/turtle_chase/build/lib/turtle_chase
copying turtle_chase/follower.py -> /mnt/d/Curtin_Colombo/year_3/sem_1/mxen3005/Milestone_3/mxen_ws/build/turtle_chase/build/lib/turtle_chase
copying turtle_chase/leader.py -> /mnt/d/Curtin_Colombo/year_3/sem_1/mxen3005/Milestone_3/mxen_ws/build/turtle_chase/build/lib/turtle_chase
copying turtle_chase/__init__.py -> /mnt/d/Curtin_Colombo/year_3/sem_1/mxen3005/Milestone_3/mxen_ws/build/turtle_chase/build/lib/turtle_chase
copying turtle_chase/py.typed -> /mnt/d/Curtin_Colombo/year_3/sem_1/mxen3005/Milestone_3/mxen_ws/build/turtle_chase/build/lib/turtle_chase
running install
running install_lib
creating /mnt/d/Curtin_Colombo/year_3/sem_1/mxen3005/Milestone_3/mxen_ws/install/turtle_chase/lib/python3.12/site-packages/turtle_chase
copying /mnt/d/Curtin_Colombo/year_3/sem_1/mxen3005/Milestone_3/mxen_ws/build/turtle_chase/build/lib/turtle_chase/follower.py -> /mnt/d/Curtin_Colombo/year_3/sem_1/mxen3005/Milestone_3/mxen_ws/install/turtle_chase/lib/python3.12/site-packages/turtle_chase
copying /mnt/d/Curtin_Colombo/year_3/sem_1/mxen3005/Milestone_3/mxen_ws/build/turtle_chase/build/lib/turtle_chase/leader.py -> /mnt/d/Curtin_Colombo/year_3/sem_1/mxen3005/Milestone_3/mxen_ws/install/turtle_chase/lib/python3.12/site-packages/turtle_chase
copying /mnt/d/Curtin_Colombo/year_3/sem_1/mxen3005/Milestone_3/mxen_ws/build/turtle_chase/build/lib/turtle_chase/py.typed -> /mnt/d/Curtin_Colombo/year_3/sem_1/mxen3005/Milestone_3/mxen_ws/install/turtle_chase/lib/python3.12/site-packages/turtle_chase
copying /mnt/d/Curtin_Colombo/year_3/sem_1/mxen3005/Milestone_3/mxen_ws/build/turtle_chase/build/lib/turtle_chase/__init__.py -> /mnt/d/Curtin_Colombo/year_3/sem_1/mxen3005/Milestone_3/mxen_ws/install/turtle_chase/lib/python3.12/site-packages/turtle_chase
byte-compiling /mnt/d/Curtin_Colombo/year_3/sem_1/mxen3005/Milestone_3/mxen_ws/install/turtle_chase/lib/python3.12/site-packages/turtle_chase/follower.py to follower.cpython-312.pyc
byte-compiling /mnt/d/Curtin_Colombo/year_3/sem_1/mxen3005/Milestone_3/mxen_ws/install/turtle_chase/lib/python3.12/site-packages/turtle_chase/leader.py to leader.cpython-312.pyc
byte-compiling /mnt/d/Curtin_Colombo/year_3/sem_1/mxen3005/Milestone_3/mxen_ws/install/turtle_chase/lib/python3.12/site-packages/turtle_chase/__init__.py to __init__.cpython-312.pyc
running install_data
creating /mnt/d/Curtin_Colombo/year_3/sem_1/mxen3005/Milestone_3/mxen_ws/install/turtle_chase/share/ament_index
creating /mnt/d/Curtin_Colombo/year_3/sem_1/mxen3005/Milestone_3/mxen_ws/install/turtle_chase/share/ament_index/resource_index
creating /mnt/d/Curtin_Colombo/year_3/sem_1/mxen3005/Milestone_3/mxen_ws/install/turtle_chase/share/ament_index/resource_index/packages
copying resource/turtle_chase -> /mnt/d/Curtin_Colombo/year_3/sem_1/mxen3005/Milestone_3/mxen_ws/install/turtle_chase/share/ament_index/resource_index/packages
copying package.xml -> /mnt/d/Curtin_Colombo/year_3/sem_1/mxen3005/Milestone_3/mxen_ws/install/turtle_chase/share/turtle_chase
running install_egg_info
Copying ../../build/turtle_chase/turtle_chase.egg-info to /mnt/d/Curtin_Colombo/year_3/sem_1/mxen3005/Milestone_3/mxen_ws/install/turtle_chase/lib/python3.12/site-packages/turtle_chase-0.0.0-py3.12.egg-info
running install_scripts
Installing follower script to /mnt/d/Curtin_Colombo/year_3/sem_1/mxen3005/Milestone_3/mxen_ws/install/turtle_chase/lib/turtle_chase
Installing leader script to /mnt/d/Curtin_Colombo/year_3/sem_1/mxen3005/Milestone_3/mxen_ws/install/turtle_chase/lib/turtle_chase
writing list of installed files to '/mnt/d/Curtin_Colombo/year_3/sem_1/mxen3005/Milestone_3/mxen_ws/build/turtle_chase/install.log'
