[8.317s] Invoking command in '/mnt/d/Curtin_Colombo/year_3/sem_1/mxen3005/Milestone_3/mxen_ws/src/turtle_chase': PYTHONPATH=/mnt/d/Curtin_Colombo/year_3/sem_1/mxen3005/Milestone_3/mxen_ws/build/turtle_chase/prefix_override:/usr/lib/python3/dist-packages/colcon_core/task/python/colcon_distutils_commands:/mnt/d/Curtin_Colombo/year_3/sem_1/mxen3005/Milestone_3/mxen_ws/install/turtle_chase/lib/python3.12/site-packages:${PYTHONPATH} /usr/bin/python3 -W ignore:setup.py install is deprecated -W ignore:easy_install command is deprecated setup.py egg_info --egg-base ../../build/turtle_chase build --build-base /mnt/d/Curtin_Colombo/year_3/sem_1/mxen3005/Milestone_3/mxen_ws/build/turtle_chase/build install --record /mnt/d/Curtin_Colombo/year_3/sem_1/mxen3005/Milestone_3/mxen_ws/build/turtle_chase/install.log --single-version-externally-managed install_data
[12.136s] running egg_info
[12.149s] creating ../../build/turtle_chase/turtle_chase.egg-info
[12.199s] writing ../../build/turtle_chase/turtle_chase.egg-info/PKG-INFO
[12.237s] writing dependency_links to ../../build/turtle_chase/turtle_chase.egg-info/dependency_links.txt
[12.258s] writing entry points to ../../build/turtle_chase/turtle_chase.egg-info/entry_points.txt
[12.280s] writing requirements to ../../build/turtle_chase/turtle_chase.egg-info/requires.txt
[12.290s] writing top-level names to ../../build/turtle_chase/turtle_chase.egg-info/top_level.txt
[12.312s] writing manifest file '../../build/turtle_chase/turtle_chase.egg-info/SOURCES.txt'
[12.700s] reading manifest file '../../build/turtle_chase/turtle_chase.egg-info/SOURCES.txt'
[12.877s] adding license file 'LICENSE'
[13.037s] writing manifest file '../../build/turtle_chase/turtle_chase.egg-info/SOURCES.txt'
[13.054s] running build
[13.058s] running build_py
[13.089s] creating /mnt/d/Curtin_Colombo/year_3/sem_1/mxen3005/Milestone_3/mxen_ws/build/turtle_chase/build
[13.109s] creating /mnt/d/Curtin_Colombo/year_3/sem_1/mxen3005/Milestone_3/mxen_ws/build/turtle_chase/build/lib
[13.127s] creating /mnt/d/Curtin_Colombo/year_3/sem_1/mxen3005/Milestone_3/mxen_ws/build/turtle_chase/build/lib/turtle_chase
[13.170s] copying turtle_chase/follower.py -> /mnt/d/Curtin_Colombo/year_3/sem_1/mxen3005/Milestone_3/mxen_ws/build/turtle_chase/build/lib/turtle_chase
[13.236s] copying turtle_chase/leader.py -> /mnt/d/Curtin_Colombo/year_3/sem_1/mxen3005/Milestone_3/mxen_ws/build/turtle_chase/build/lib/turtle_chase
[13.309s] copying turtle_chase/__init__.py -> /mnt/d/Curtin_Colombo/year_3/sem_1/mxen3005/Milestone_3/mxen_ws/build/turtle_chase/build/lib/turtle_chase
[13.564s] copying turtle_chase/py.typed -> /mnt/d/Curtin_Colombo/year_3/sem_1/mxen3005/Milestone_3/mxen_ws/build/turtle_chase/build/lib/turtle_chase
[13.654s] running install
[13.676s] running install_lib
[13.806s] creating /mnt/d/Curtin_Colombo/year_3/sem_1/mxen3005/Milestone_3/mxen_ws/install/turtle_chase/lib/python3.12/site-packages/turtle_chase
[13.922s] copying /mnt/d/Curtin_Colombo/year_3/sem_1/mxen3005/Milestone_3/mxen_ws/build/turtle_chase/build/lib/turtle_chase/follower.py -> /mnt/d/Curtin_Colombo/year_3/sem_1/mxen3005/Milestone_3/mxen_ws/install/turtle_chase/lib/python3.12/site-packages/turtle_chase
[14.131s] copying /mnt/d/Curtin_Colombo/year_3/sem_1/mxen3005/Milestone_3/mxen_ws/build/turtle_chase/build/lib/turtle_chase/leader.py -> /mnt/d/Curtin_Colombo/year_3/sem_1/mxen3005/Milestone_3/mxen_ws/install/turtle_chase/lib/python3.12/site-packages/turtle_chase
[14.265s] copying /mnt/d/Curtin_Colombo/year_3/sem_1/mxen3005/Milestone_3/mxen_ws/build/turtle_chase/build/lib/turtle_chase/py.typed -> /mnt/d/Curtin_Colombo/year_3/sem_1/mxen3005/Milestone_3/mxen_ws/install/turtle_chase/lib/python3.12/site-packages/turtle_chase
[14.614s] copying /mnt/d/Curtin_Colombo/year_3/sem_1/mxen3005/Milestone_3/mxen_ws/build/turtle_chase/build/lib/turtle_chase/__init__.py -> /mnt/d/Curtin_Colombo/year_3/sem_1/mxen3005/Milestone_3/mxen_ws/install/turtle_chase/lib/python3.12/site-packages/turtle_chase
[14.699s] byte-compiling /mnt/d/Curtin_Colombo/year_3/sem_1/mxen3005/Milestone_3/mxen_ws/install/turtle_chase/lib/python3.12/site-packages/turtle_chase/follower.py to follower.cpython-312.pyc
[14.869s] byte-compiling /mnt/d/Curtin_Colombo/year_3/sem_1/mxen3005/Milestone_3/mxen_ws/install/turtle_chase/lib/python3.12/site-packages/turtle_chase/leader.py to leader.cpython-312.pyc
[15.302s] byte-compiling /mnt/d/Curtin_Colombo/year_3/sem_1/mxen3005/Milestone_3/mxen_ws/install/turtle_chase/lib/python3.12/site-packages/turtle_chase/__init__.py to __init__.cpython-312.pyc
[15.436s] running install_data
[15.462s] creating /mnt/d/Curtin_Colombo/year_3/sem_1/mxen3005/Milestone_3/mxen_ws/install/turtle_chase/share/ament_index
[15.470s] creating /mnt/d/Curtin_Colombo/year_3/sem_1/mxen3005/Milestone_3/mxen_ws/install/turtle_chase/share/ament_index/resource_index
[15.478s] creating /mnt/d/Curtin_Colombo/year_3/sem_1/mxen3005/Milestone_3/mxen_ws/install/turtle_chase/share/ament_index/resource_index/packages
[15.546s] copying resource/turtle_chase -> /mnt/d/Curtin_Colombo/year_3/sem_1/mxen3005/Milestone_3/mxen_ws/install/turtle_chase/share/ament_index/resource_index/packages
[15.618s] copying package.xml -> /mnt/d/Curtin_Colombo/year_3/sem_1/mxen3005/Milestone_3/mxen_ws/install/turtle_chase/share/turtle_chase
[15.647s] running install_egg_info
[15.756s] Copying ../../build/turtle_chase/turtle_chase.egg-info to /mnt/d/Curtin_Colombo/year_3/sem_1/mxen3005/Milestone_3/mxen_ws/install/turtle_chase/lib/python3.12/site-packages/turtle_chase-0.0.0-py3.12.egg-info
[17.128s] running install_scripts
[18.638s] Installing follower script to /mnt/d/Curtin_Colombo/year_3/sem_1/mxen3005/Milestone_3/mxen_ws/install/turtle_chase/lib/turtle_chase
[18.714s] Installing leader script to /mnt/d/Curtin_Colombo/year_3/sem_1/mxen3005/Milestone_3/mxen_ws/install/turtle_chase/lib/turtle_chase
[18.778s] writing list of installed files to '/mnt/d/Curtin_Colombo/year_3/sem_1/mxen3005/Milestone_3/mxen_ws/build/turtle_chase/install.log'
[18.836s] Invoked command in '/mnt/d/Curtin_Colombo/year_3/sem_1/mxen3005/Milestone_3/mxen_ws/src/turtle_chase' returned '0': PYTHONPATH=/mnt/d/Curtin_Colombo/year_3/sem_1/mxen3005/Milestone_3/mxen_ws/build/turtle_chase/prefix_override:/usr/lib/python3/dist-packages/colcon_core/task/python/colcon_distutils_commands:/mnt/d/Curtin_Colombo/year_3/sem_1/mxen3005/Milestone_3/mxen_ws/install/turtle_chase/lib/python3.12/site-packages:${PYTHONPATH} /usr/bin/python3 -W ignore:setup.py install is deprecated -W ignore:easy_install command is deprecated setup.py egg_info --egg-base ../../build/turtle_chase build --build-base /mnt/d/Curtin_Colombo/year_3/sem_1/mxen3005/Milestone_3/mxen_ws/build/turtle_chase/build install --record /mnt/d/Curtin_Colombo/year_3/sem_1/mxen3005/Milestone_3/mxen_ws/build/turtle_chase/install.log --single-version-externally-managed install_data
